--- transcription error ---
Traceback (most recent call last):
  File "C:\Users\Admin\OneDrive\Desktop\ambient-ai-scribe-Sujitha\main.py", line 197, in upload_audio
    transcript = await asyncio.to_thread(transcribe_audio, tmp_path)
  File "C:\Users\Admin\AppData\Local\Programs\Python\Python310\lib\asyncio\threads.py", line 25, in to_thread
    return await loop.run_in_executor(None, func_call)
  File "C:\Users\Admin\AppData\Local\Programs\Python\Python310\lib\concurrent\futures\thread.py", line 58, in run
    result = self.fn(*self.args, **self.kwargs)
  File "C:\Users\Admin\OneDrive\Desktop\ambient-ai-scribe-Sujitha\transcription.py", line 25, in transcribe_audio
    result = model.transcribe(audio_path)
  File "C:\Users\Admin\OneDrive\Desktop\ambient-ai-scribe-Sujitha\.venv310\lib\site-packages\whisper\transcribe.py", line 139, in transcribe
    mel = log_mel_spectrogram(audio, model.dims.n_mels, padding=N_SAMPLES)
  File "C:\Users\Admin\OneDrive\Desktop\ambient-ai-scribe-Sujitha\.venv310\lib\site-packages\whisper\audio.py", line 140, in log_mel_spectrogram
    audio = load_audio(audio)
  File "C:\Users\Admin\OneDrive\Desktop\ambient-ai-scribe-Sujitha\.venv310\lib\site-packages\whisper\audio.py", line 58, in load_audio
    out = run(cmd, capture_output=True, check=True).stdout
  File "C:\Users\Admin\AppData\Local\Programs\Python\Python310\lib\subprocess.py", line 503, in run
    with Popen(*popenargs, **kwargs) as process:
  File "C:\Users\Admin\AppData\Local\Programs\Python\Python310\lib\subprocess.py", line 971, in __init__
    self._execute_child(args, executable, preexec_fn, close_fds,
  File "C:\Users\Admin\AppData\Local\Programs\Python\Python310\lib\subprocess.py", line 1456, in _execute_child
    hp, ht, pid, tid = _winapi.CreateProcess(executable, args,
FileNotFoundError: [WinError 2] The system cannot find the file specified

